polling 27 feed(s)…
WARNING kanal.ingest.fetch           antara:politik attempt 1: ConnectTimeout: timed out
WARNING kanal.ingest.fetch           antara:politik attempt 2: ConnectTimeout: timed out
WARNING kanal.ingest.fetch           antara:politik attempt 3: ConnectTimeout: timed out
WARNING kanal.ingest.fetch           antara:hukum attempt 1: ConnectTimeout: timed out
WARNING kanal.ingest.fetch           antara:hukum attempt 2: ConnectTimeout: timed out
WARNING kanal.ingest.fetch           antara:hukum attempt 3: ConnectTimeout: timed out
WARNING kanal.ingest.fetch           antara:ekonomi attempt 1: ConnectTimeout: timed out
WARNING kanal.ingest.fetch           antara:ekonomi attempt 2: ConnectTimeout: timed out
WARNING kanal.ingest.fetch           antara:ekonomi attempt 3: ConnectTimeout: timed out
WARNING kanal.ingest.fetch           antara:metro attempt 1: ConnectTimeout: timed out
WARNING kanal.ingest.fetch           antara:metro attempt 2: ConnectTimeout: timed out
WARNING kanal.ingest.fetch           antara:metro attempt 3: ConnectTimeout: timed out
WARNING kanal.ingest.fetch           antara:sepakbola attempt 1: ConnectTimeout: timed out
WARNING kanal.ingest.fetch           antara:sepakbola attempt 2: ConnectTimeout: timed out
WARNING kanal.ingest.fetch           antara:sepakbola attempt 3: ConnectTimeout: timed out
WARNING kanal.ingest.fetch           antara:tekno attempt 1: ConnectTimeout: timed out
WARNING kanal.ingest.fetch           antara:tekno attempt 2: ConnectTimeout: timed out
WARNING kanal.ingest.fetch           antara:tekno attempt 3: ConnectTimeout: timed out
WARNING kanal.ingest.fetch           antara:hiburan attempt 1: ConnectTimeout: timed out
WARNING kanal.ingest.fetch           antara:hiburan attempt 2: ConnectTimeout: timed out
WARNING kanal.ingest.fetch           antara:hiburan attempt 3: ConnectTimeout: timed out
WARNING kanal.ingest.fetch           antara:dunia attempt 1: ConnectTimeout: timed out
WARNING kanal.ingest.fetch           antara:dunia attempt 2: ConnectTimeout: timed out
WARNING kanal.ingest.fetch           antara:dunia attempt 3: ConnectTimeout: timed out
WARNING kanal.ingest.fetch           antara:humaniora attempt 1: ConnectTimeout: timed out
WARNING kanal.ingest.fetch           antara:humaniora attempt 2: ConnectTimeout: timed out
WARNING kanal.ingest.fetch           antara:humaniora attempt 3: ConnectTimeout: timed out
WARNING kanal.ingest.fetch           antara:lifestyle attempt 1: ConnectTimeout: timed out
WARNING kanal.ingest.fetch           antara:lifestyle attempt 2: ConnectTimeout: timed out
WARNING kanal.ingest.fetch           antara:lifestyle attempt 3: ConnectTimeout: timed out
INFO    httpx                        HTTP Request: GET https://www.cnnindonesia.com/nasional/rss "HTTP/1.1 403 Forbidden"
WARNING kanal.ingest.fetch           breaker tripped for cnn:nasional after 93 failures; cooling down 3600s
INFO    httpx                        HTTP Request: GET https://www.cnnindonesia.com/ekonomi/rss "HTTP/1.1 403 Forbidden"
WARNING kanal.ingest.fetch           breaker tripped for cnn:ekonomi after 93 failures; cooling down 3600s
INFO    httpx                        HTTP Request: GET https://www.cnnindonesia.com/olahraga/rss "HTTP/1.1 403 Forbidden"
WARNING kanal.ingest.fetch           breaker tripped for cnn:olahraga after 93 failures; cooling down 3600s
INFO    httpx                        HTTP Request: GET https://www.cnnindonesia.com/teknologi/rss "HTTP/1.1 403 Forbidden"
WARNING kanal.ingest.fetch           breaker tripped for cnn:teknologi after 93 failures; cooling down 3600s
INFO    httpx                        HTTP Request: GET https://www.cnnindonesia.com/hiburan/rss "HTTP/1.1 403 Forbidden"
WARNING kanal.ingest.fetch           breaker tripped for cnn:hiburan after 93 failures; cooling down 3600s
INFO    httpx                        HTTP Request: GET https://www.cnnindonesia.com/internasional/rss "HTTP/1.1 403 Forbidden"
WARNING kanal.ingest.fetch           breaker tripped for cnn:internasional after 93 failures; cooling down 3600s
INFO    httpx                        HTTP Request: GET https://www.cnnindonesia.com/gaya-hidup/rss "HTTP/1.1 403 Forbidden"
WARNING kanal.ingest.fetch           breaker tripped for cnn:gaya-hidup after 93 failures; cooling down 3600s
INFO    httpx                        HTTP Request: GET https://feed.liputan6.com/rss/bisnis "HTTP/1.1 200 OK"
INFO    httpx                        HTTP Request: GET https://feed.liputan6.com/rss/bola "HTTP/1.1 200 OK"
INFO    httpx                        HTTP Request: GET https://feed.liputan6.com/rss/tekno "HTTP/1.1 200 OK"
INFO    httpx                        HTTP Request: GET https://feed.liputan6.com/rss/showbiz "HTTP/1.1 200 OK"
INFO    kanal.ingest.land            liputan6:showbiz: landed 2 new (48 dup) → liputan6-showbiz-180843.jsonl
INFO    httpx                        HTTP Request: GET https://feed.liputan6.com/rss/global "HTTP/1.1 200 OK"
INFO    httpx                        HTTP Request: GET https://feed.liputan6.com/rss/health "HTTP/1.1 200 OK"
INFO    httpx                        HTTP Request: GET https://feed.liputan6.com/rss/lifestyle "HTTP/1.1 200 OK"
INFO    httpx                        HTTP Request: GET https://republika.co.id/rss/nasional "HTTP/1.1 200 OK"
INFO    httpx                        HTTP Request: GET https://republika.co.id/rss/ekonomi "HTTP/1.1 200 OK"
INFO    httpx                        HTTP Request: GET https://republika.co.id/rss/internasional "HTTP/1.1 200 OK"
cycle 2026-08-07 17:55:57 UTC (774.2s)
  landed 2 new, 393 already seen
  feeds: failed=17, ok=10
  per source:
    ! antara     0/10 feeds ok, 0 landed
    ~ cnn        0/7 feeds ok, 0 landed  (declared unreachable here)
      liputan6   7/7 feeds ok, 2 landed
      republika  3/3 feeds ok, 0 landed
  failures:
    failed: ConnectTimeout: timed out
      affected: antara:politik, antara:hukum, antara:ekonomi, antara:metro (+6 more)
    failed: HTTP 403
      affected: cnn:nasional, cnn:ekonomi, cnn:olahraga, cnn:teknologi (+3 more)
  !! NO usable response from: antara — this hour is lost for those sources and cannot be backfilled
