polling 27 feed(s)…
INFO    httpx                        HTTP Request: GET https://www.antaranews.com/rss/politik.xml "HTTP/1.1 200 OK"
INFO    httpx                        HTTP Request: GET https://www.antaranews.com/rss/hukum.xml "HTTP/1.1 200 OK"
INFO    httpx                        HTTP Request: GET https://www.antaranews.com/rss/ekonomi.xml "HTTP/1.1 200 OK"
INFO    kanal.ingest.land            antara:ekonomi: landed 1 new (19 dup) → antara-ekonomi-142101.jsonl
INFO    httpx                        HTTP Request: GET https://www.antaranews.com/rss/metro.xml "HTTP/1.1 200 OK"
INFO    httpx                        HTTP Request: GET https://www.antaranews.com/rss/sepakbola.xml "HTTP/1.1 200 OK"
INFO    kanal.ingest.land            antara:sepakbola: landed 5 new (15 dup) → antara-sepakbola-142103.jsonl
INFO    httpx                        HTTP Request: GET https://www.antaranews.com/rss/tekno.xml "HTTP/1.1 200 OK"
INFO    httpx                        HTTP Request: GET https://www.antaranews.com/rss/hiburan.xml "HTTP/1.1 200 OK"
INFO    httpx                        HTTP Request: GET https://www.antaranews.com/rss/dunia.xml "HTTP/1.1 200 OK"
INFO    httpx                        HTTP Request: GET https://www.antaranews.com/rss/humaniora.xml "HTTP/1.1 200 OK"
INFO    httpx                        HTTP Request: GET https://www.antaranews.com/rss/lifestyle.xml "HTTP/1.1 200 OK"
INFO    kanal.ingest.land            antara:lifestyle: landed 15 new (5 dup) → antara-lifestyle-142109.jsonl
INFO    httpx                        HTTP Request: GET https://www.cnnindonesia.com/nasional/rss "HTTP/1.1 403 Forbidden"
WARNING kanal.ingest.fetch           breaker tripped for cnn:nasional after 354 failures; cooling down 3600s
INFO    httpx                        HTTP Request: GET https://www.cnnindonesia.com/ekonomi/rss "HTTP/1.1 403 Forbidden"
WARNING kanal.ingest.fetch           breaker tripped for cnn:ekonomi after 354 failures; cooling down 3600s
INFO    httpx                        HTTP Request: GET https://www.cnnindonesia.com/olahraga/rss "HTTP/1.1 403 Forbidden"
WARNING kanal.ingest.fetch           breaker tripped for cnn:olahraga after 354 failures; cooling down 3600s
INFO    httpx                        HTTP Request: GET https://www.cnnindonesia.com/teknologi/rss "HTTP/1.1 403 Forbidden"
WARNING kanal.ingest.fetch           breaker tripped for cnn:teknologi after 354 failures; cooling down 3600s
INFO    httpx                        HTTP Request: GET https://www.cnnindonesia.com/hiburan/rss "HTTP/1.1 403 Forbidden"
WARNING kanal.ingest.fetch           breaker tripped for cnn:hiburan after 354 failures; cooling down 3600s
INFO    httpx                        HTTP Request: GET https://www.cnnindonesia.com/internasional/rss "HTTP/1.1 403 Forbidden"
WARNING kanal.ingest.fetch           breaker tripped for cnn:internasional after 354 failures; cooling down 3600s
INFO    httpx                        HTTP Request: GET https://www.cnnindonesia.com/gaya-hidup/rss "HTTP/1.1 403 Forbidden"
WARNING kanal.ingest.fetch           breaker tripped for cnn:gaya-hidup after 354 failures; cooling down 3600s
INFO    httpx                        HTTP Request: GET https://feed.liputan6.com/rss/bisnis "HTTP/1.1 200 OK"
INFO    kanal.ingest.land            liputan6:bisnis: landed 27 new (23 dup) → liputan6-bisnis-142118.jsonl
INFO    httpx                        HTTP Request: GET https://feed.liputan6.com/rss/bola "HTTP/1.1 200 OK"
INFO    kanal.ingest.land            liputan6:bola: landed 5 new (45 dup) → liputan6-bola-142119.jsonl
INFO    httpx                        HTTP Request: GET https://feed.liputan6.com/rss/tekno "HTTP/1.1 200 OK"
INFO    kanal.ingest.land            liputan6:tekno: landed 3 new (47 dup) → liputan6-tekno-142121.jsonl
INFO    httpx                        HTTP Request: GET https://feed.liputan6.com/rss/showbiz "HTTP/1.1 200 OK"
INFO    kanal.ingest.land            liputan6:showbiz: landed 7 new (43 dup) → liputan6-showbiz-142122.jsonl
INFO    httpx                        HTTP Request: GET https://feed.liputan6.com/rss/global "HTTP/1.1 200 OK"
INFO    kanal.ingest.land            liputan6:global: landed 6 new (44 dup) → liputan6-global-142123.jsonl
INFO    httpx                        HTTP Request: GET https://feed.liputan6.com/rss/health "HTTP/1.1 200 OK"
INFO    kanal.ingest.land            liputan6:health: landed 1 new (49 dup) → liputan6-health-142125.jsonl
INFO    httpx                        HTTP Request: GET https://feed.liputan6.com/rss/lifestyle "HTTP/1.1 200 OK"
INFO    kanal.ingest.land            liputan6:lifestyle: landed 12 new (38 dup) → liputan6-lifestyle-142126.jsonl
INFO    httpx                        HTTP Request: GET https://republika.co.id/rss/nasional "HTTP/1.1 200 OK"
INFO    httpx                        HTTP Request: GET https://republika.co.id/rss/ekonomi "HTTP/1.1 200 OK"
INFO    kanal.ingest.land            republika:ekonomi: landed 15 new (0 dup) → republika-ekonomi-142130.jsonl
INFO    httpx                        HTTP Request: GET https://republika.co.id/rss/internasional "HTTP/1.1 200 OK"
INFO    kanal.ingest.land            republika:internasional: landed 1 new (14 dup) → republika-internasional-142132.jsonl
cycle 2026-09-02 14:20:57 UTC (34.6s)
  landed 98 new, 497 already seen
  feeds: failed=7, ok=20
  per source:
      antara     10/10 feeds ok, 21 landed
    ~ cnn        0/7 feeds ok, 0 landed  (declared unreachable here)
      liputan6   7/7 feeds ok, 61 landed
      republika  3/3 feeds ok, 16 landed
  failures:
    failed: HTTP 403
      affected: cnn:nasional, cnn:ekonomi, cnn:olahraga, cnn:teknologi (+3 more)
