polling 27 feed(s)…
INFO    httpx                        HTTP Request: GET https://www.antaranews.com/rss/politik.xml "HTTP/1.1 200 OK"
INFO    httpx                        HTTP Request: GET https://www.antaranews.com/rss/hukum.xml "HTTP/1.1 200 OK"
INFO    httpx                        HTTP Request: GET https://www.antaranews.com/rss/ekonomi.xml "HTTP/1.1 200 OK"
INFO    httpx                        HTTP Request: GET https://www.antaranews.com/rss/metro.xml "HTTP/1.1 200 OK"
INFO    httpx                        HTTP Request: GET https://www.antaranews.com/rss/sepakbola.xml "HTTP/1.1 200 OK"
INFO    httpx                        HTTP Request: GET https://www.antaranews.com/rss/tekno.xml "HTTP/1.1 200 OK"
INFO    httpx                        HTTP Request: GET https://www.antaranews.com/rss/hiburan.xml "HTTP/1.1 200 OK"
INFO    httpx                        HTTP Request: GET https://www.antaranews.com/rss/dunia.xml "HTTP/1.1 200 OK"
INFO    httpx                        HTTP Request: GET https://www.antaranews.com/rss/humaniora.xml "HTTP/1.1 200 OK"
INFO    httpx                        HTTP Request: GET https://www.antaranews.com/rss/lifestyle.xml "HTTP/1.1 200 OK"
INFO    httpx                        HTTP Request: GET https://www.cnnindonesia.com/nasional/rss "HTTP/1.1 403 Forbidden"
WARNING kanal.ingest.fetch           breaker tripped for cnn:nasional after 180 failures; cooling down 3600s
INFO    httpx                        HTTP Request: GET https://www.cnnindonesia.com/ekonomi/rss "HTTP/1.1 403 Forbidden"
WARNING kanal.ingest.fetch           breaker tripped for cnn:ekonomi after 180 failures; cooling down 3600s
INFO    httpx                        HTTP Request: GET https://www.cnnindonesia.com/olahraga/rss "HTTP/1.1 403 Forbidden"
WARNING kanal.ingest.fetch           breaker tripped for cnn:olahraga after 180 failures; cooling down 3600s
INFO    httpx                        HTTP Request: GET https://www.cnnindonesia.com/teknologi/rss "HTTP/1.1 403 Forbidden"
WARNING kanal.ingest.fetch           breaker tripped for cnn:teknologi after 180 failures; cooling down 3600s
INFO    httpx                        HTTP Request: GET https://www.cnnindonesia.com/hiburan/rss "HTTP/1.1 403 Forbidden"
WARNING kanal.ingest.fetch           breaker tripped for cnn:hiburan after 180 failures; cooling down 3600s
INFO    httpx                        HTTP Request: GET https://www.cnnindonesia.com/internasional/rss "HTTP/1.1 403 Forbidden"
WARNING kanal.ingest.fetch           breaker tripped for cnn:internasional after 180 failures; cooling down 3600s
INFO    httpx                        HTTP Request: GET https://www.cnnindonesia.com/gaya-hidup/rss "HTTP/1.1 403 Forbidden"
WARNING kanal.ingest.fetch           breaker tripped for cnn:gaya-hidup after 180 failures; cooling down 3600s
INFO    httpx                        HTTP Request: GET https://feed.liputan6.com/rss/bisnis "HTTP/1.1 200 OK"
INFO    kanal.ingest.land            liputan6:bisnis: landed 5 new (45 dup) → liputan6-bisnis-170304.jsonl
INFO    httpx                        HTTP Request: GET https://feed.liputan6.com/rss/bola "HTTP/1.1 200 OK"
INFO    kanal.ingest.land            liputan6:bola: landed 4 new (46 dup) → liputan6-bola-170306.jsonl
INFO    httpx                        HTTP Request: GET https://feed.liputan6.com/rss/tekno "HTTP/1.1 200 OK"
INFO    httpx                        HTTP Request: GET https://feed.liputan6.com/rss/showbiz "HTTP/1.1 200 OK"
INFO    kanal.ingest.land            liputan6:showbiz: landed 3 new (47 dup) → liputan6-showbiz-170308.jsonl
INFO    httpx                        HTTP Request: GET https://feed.liputan6.com/rss/global "HTTP/1.1 200 OK"
INFO    httpx                        HTTP Request: GET https://feed.liputan6.com/rss/health "HTTP/1.1 200 OK"
INFO    httpx                        HTTP Request: GET https://feed.liputan6.com/rss/lifestyle "HTTP/1.1 200 OK"
INFO    httpx                        HTTP Request: GET https://republika.co.id/rss/nasional "HTTP/1.1 200 OK"
INFO    httpx                        HTTP Request: GET https://republika.co.id/rss/ekonomi "HTTP/1.1 200 OK"
INFO    kanal.ingest.land            republika:ekonomi: landed 1 new (14 dup) → republika-ekonomi-170315.jsonl
INFO    httpx                        HTTP Request: GET https://republika.co.id/rss/internasional "HTTP/1.1 200 OK"
cycle 2026-08-14 17:02:44 UTC (32.8s)
  landed 13 new, 582 already seen
  feeds: failed=7, ok=20
  per source:
      antara     10/10 feeds ok, 0 landed
    ~ cnn        0/7 feeds ok, 0 landed  (declared unreachable here)
      liputan6   7/7 feeds ok, 12 landed
      republika  3/3 feeds ok, 1 landed
  failures:
    failed: HTTP 403
      affected: cnn:nasional, cnn:ekonomi, cnn:olahraga, cnn:teknologi (+3 more)
