polling 27 feed(s)…
INFO    httpx                        HTTP Request: GET https://www.antaranews.com/rss/politik.xml "HTTP/1.1 200 OK"
INFO    kanal.ingest.land            antara:politik: landed 2 new (18 dup) → antara-politik-000712.jsonl
INFO    httpx                        HTTP Request: GET https://www.antaranews.com/rss/hukum.xml "HTTP/1.1 200 OK"
INFO    httpx                        HTTP Request: GET https://www.antaranews.com/rss/ekonomi.xml "HTTP/1.1 200 OK"
INFO    kanal.ingest.land            antara:ekonomi: landed 1 new (19 dup) → antara-ekonomi-000714.jsonl
INFO    httpx                        HTTP Request: GET https://www.antaranews.com/rss/metro.xml "HTTP/1.1 200 OK"
INFO    httpx                        HTTP Request: GET https://www.antaranews.com/rss/sepakbola.xml "HTTP/1.1 200 OK"
INFO    httpx                        HTTP Request: GET https://www.antaranews.com/rss/tekno.xml "HTTP/1.1 200 OK"
INFO    kanal.ingest.land            antara:tekno: landed 2 new (18 dup) → antara-tekno-000718.jsonl
INFO    httpx                        HTTP Request: GET https://www.antaranews.com/rss/hiburan.xml "HTTP/1.1 200 OK"
INFO    httpx                        HTTP Request: GET https://www.antaranews.com/rss/dunia.xml "HTTP/1.1 200 OK"
INFO    httpx                        HTTP Request: GET https://www.antaranews.com/rss/humaniora.xml "HTTP/1.1 200 OK"
INFO    kanal.ingest.land            antara:humaniora: landed 2 new (18 dup) → antara-humaniora-000722.jsonl
INFO    httpx                        HTTP Request: GET https://www.antaranews.com/rss/lifestyle.xml "HTTP/1.1 200 OK"
INFO    kanal.ingest.land            antara:lifestyle: landed 7 new (13 dup) → antara-lifestyle-000723.jsonl
INFO    httpx                        HTTP Request: GET https://www.cnnindonesia.com/nasional/rss "HTTP/1.1 403 Forbidden"
WARNING kanal.ingest.fetch           breaker tripped for cnn:nasional after 78 failures; cooling down 3600s
INFO    httpx                        HTTP Request: GET https://www.cnnindonesia.com/ekonomi/rss "HTTP/1.1 403 Forbidden"
WARNING kanal.ingest.fetch           breaker tripped for cnn:ekonomi after 78 failures; cooling down 3600s
INFO    httpx                        HTTP Request: GET https://www.cnnindonesia.com/olahraga/rss "HTTP/1.1 403 Forbidden"
WARNING kanal.ingest.fetch           breaker tripped for cnn:olahraga after 78 failures; cooling down 3600s
INFO    httpx                        HTTP Request: GET https://www.cnnindonesia.com/teknologi/rss "HTTP/1.1 403 Forbidden"
WARNING kanal.ingest.fetch           breaker tripped for cnn:teknologi after 78 failures; cooling down 3600s
INFO    httpx                        HTTP Request: GET https://www.cnnindonesia.com/hiburan/rss "HTTP/1.1 403 Forbidden"
WARNING kanal.ingest.fetch           breaker tripped for cnn:hiburan after 78 failures; cooling down 3600s
INFO    httpx                        HTTP Request: GET https://www.cnnindonesia.com/internasional/rss "HTTP/1.1 403 Forbidden"
WARNING kanal.ingest.fetch           breaker tripped for cnn:internasional after 78 failures; cooling down 3600s
INFO    httpx                        HTTP Request: GET https://www.cnnindonesia.com/gaya-hidup/rss "HTTP/1.1 403 Forbidden"
WARNING kanal.ingest.fetch           breaker tripped for cnn:gaya-hidup after 78 failures; cooling down 3600s
INFO    httpx                        HTTP Request: GET https://feed.liputan6.com/rss/bisnis "HTTP/1.1 200 OK"
INFO    kanal.ingest.land            liputan6:bisnis: landed 3 new (47 dup) → liputan6-bisnis-000731.jsonl
INFO    httpx                        HTTP Request: GET https://feed.liputan6.com/rss/bola "HTTP/1.1 200 OK"
INFO    kanal.ingest.land            liputan6:bola: landed 7 new (43 dup) → liputan6-bola-000733.jsonl
INFO    httpx                        HTTP Request: GET https://feed.liputan6.com/rss/tekno "HTTP/1.1 200 OK"
INFO    kanal.ingest.land            liputan6:tekno: landed 7 new (43 dup) → liputan6-tekno-000734.jsonl
INFO    httpx                        HTTP Request: GET https://feed.liputan6.com/rss/showbiz "HTTP/1.1 200 OK"
INFO    kanal.ingest.land            liputan6:showbiz: landed 1 new (49 dup) → liputan6-showbiz-000735.jsonl
INFO    httpx                        HTTP Request: GET https://feed.liputan6.com/rss/global "HTTP/1.1 200 OK"
INFO    kanal.ingest.land            liputan6:global: landed 2 new (48 dup) → liputan6-global-000737.jsonl
INFO    httpx                        HTTP Request: GET https://feed.liputan6.com/rss/health "HTTP/1.1 200 OK"
INFO    httpx                        HTTP Request: GET https://feed.liputan6.com/rss/lifestyle "HTTP/1.1 200 OK"
INFO    kanal.ingest.land            liputan6:lifestyle: landed 2 new (48 dup) → liputan6-lifestyle-000739.jsonl
INFO    httpx                        HTTP Request: GET https://republika.co.id/rss/nasional "HTTP/1.1 200 OK"
INFO    kanal.ingest.land            republika:nasional: landed 2 new (13 dup) → republika-nasional-000741.jsonl
INFO    httpx                        HTTP Request: GET https://republika.co.id/rss/ekonomi "HTTP/1.1 200 OK"
INFO    kanal.ingest.land            republika:ekonomi: landed 5 new (10 dup) → republika-ekonomi-000742.jsonl
INFO    httpx                        HTTP Request: GET https://republika.co.id/rss/internasional "HTTP/1.1 200 OK"
INFO    kanal.ingest.land            republika:internasional: landed 2 new (13 dup) → republika-internasional-000743.jsonl
cycle 2026-08-06 00:07:11 UTC (32.8s)
  landed 45 new, 550 already seen
  feeds: failed=7, ok=20
  per source:
      antara     10/10 feeds ok, 14 landed
    ~ cnn        0/7 feeds ok, 0 landed  (declared unreachable here)
      liputan6   7/7 feeds ok, 22 landed
      republika  3/3 feeds ok, 9 landed
  failures:
    failed: HTTP 403
      affected: cnn:nasional, cnn:ekonomi, cnn:olahraga, cnn:teknologi (+3 more)
