polling 27 feed(s)…
INFO    httpx                        HTTP Request: GET https://www.antaranews.com/rss/politik.xml "HTTP/1.1 200 OK"
INFO    kanal.ingest.land            antara:politik: landed 4 new (16 dup) → antara-politik-051742.jsonl
INFO    httpx                        HTTP Request: GET https://www.antaranews.com/rss/hukum.xml "HTTP/1.1 200 OK"
INFO    httpx                        HTTP Request: GET https://www.antaranews.com/rss/ekonomi.xml "HTTP/1.1 200 OK"
INFO    kanal.ingest.land            antara:ekonomi: landed 5 new (15 dup) → antara-ekonomi-051744.jsonl
INFO    httpx                        HTTP Request: GET https://www.antaranews.com/rss/metro.xml "HTTP/1.1 200 OK"
INFO    kanal.ingest.land            antara:metro: landed 4 new (16 dup) → antara-metro-051746.jsonl
INFO    httpx                        HTTP Request: GET https://www.antaranews.com/rss/sepakbola.xml "HTTP/1.1 200 OK"
INFO    kanal.ingest.land            antara:sepakbola: landed 1 new (19 dup) → antara-sepakbola-051747.jsonl
INFO    httpx                        HTTP Request: GET https://www.antaranews.com/rss/tekno.xml "HTTP/1.1 200 OK"
INFO    kanal.ingest.land            antara:tekno: landed 4 new (16 dup) → antara-tekno-051748.jsonl
INFO    httpx                        HTTP Request: GET https://www.antaranews.com/rss/hiburan.xml "HTTP/1.1 200 OK"
INFO    kanal.ingest.land            antara:hiburan: landed 1 new (19 dup) → antara-hiburan-051749.jsonl
INFO    httpx                        HTTP Request: GET https://www.antaranews.com/rss/dunia.xml "HTTP/1.1 200 OK"
INFO    httpx                        HTTP Request: GET https://www.antaranews.com/rss/humaniora.xml "HTTP/1.1 200 OK"
INFO    kanal.ingest.land            antara:humaniora: landed 5 new (15 dup) → antara-humaniora-051752.jsonl
INFO    httpx                        HTTP Request: GET https://www.antaranews.com/rss/lifestyle.xml "HTTP/1.1 200 OK"
INFO    kanal.ingest.land            antara:lifestyle: landed 13 new (7 dup) → antara-lifestyle-051753.jsonl
INFO    httpx                        HTTP Request: GET https://www.cnnindonesia.com/nasional/rss "HTTP/1.1 403 Forbidden"
WARNING kanal.ingest.fetch           breaker tripped for cnn:nasional after 329 failures; cooling down 3600s
INFO    httpx                        HTTP Request: GET https://www.cnnindonesia.com/ekonomi/rss "HTTP/1.1 403 Forbidden"
WARNING kanal.ingest.fetch           breaker tripped for cnn:ekonomi after 329 failures; cooling down 3600s
INFO    httpx                        HTTP Request: GET https://www.cnnindonesia.com/olahraga/rss "HTTP/1.1 403 Forbidden"
WARNING kanal.ingest.fetch           breaker tripped for cnn:olahraga after 329 failures; cooling down 3600s
INFO    httpx                        HTTP Request: GET https://www.cnnindonesia.com/teknologi/rss "HTTP/1.1 403 Forbidden"
WARNING kanal.ingest.fetch           breaker tripped for cnn:teknologi after 329 failures; cooling down 3600s
INFO    httpx                        HTTP Request: GET https://www.cnnindonesia.com/hiburan/rss "HTTP/1.1 403 Forbidden"
WARNING kanal.ingest.fetch           breaker tripped for cnn:hiburan after 329 failures; cooling down 3600s
INFO    httpx                        HTTP Request: GET https://www.cnnindonesia.com/internasional/rss "HTTP/1.1 403 Forbidden"
WARNING kanal.ingest.fetch           breaker tripped for cnn:internasional after 329 failures; cooling down 3600s
INFO    httpx                        HTTP Request: GET https://www.cnnindonesia.com/gaya-hidup/rss "HTTP/1.1 403 Forbidden"
WARNING kanal.ingest.fetch           breaker tripped for cnn:gaya-hidup after 329 failures; cooling down 3600s
INFO    httpx                        HTTP Request: GET https://feed.liputan6.com/rss/bisnis "HTTP/1.1 200 OK"
INFO    kanal.ingest.land            liputan6:bisnis: landed 18 new (32 dup) → liputan6-bisnis-051802.jsonl
INFO    httpx                        HTTP Request: GET https://feed.liputan6.com/rss/bola "HTTP/1.1 200 OK"
INFO    kanal.ingest.land            liputan6:bola: landed 16 new (34 dup) → liputan6-bola-051803.jsonl
INFO    httpx                        HTTP Request: GET https://feed.liputan6.com/rss/tekno "HTTP/1.1 200 OK"
INFO    kanal.ingest.land            liputan6:tekno: landed 18 new (32 dup) → liputan6-tekno-051804.jsonl
INFO    httpx                        HTTP Request: GET https://feed.liputan6.com/rss/showbiz "HTTP/1.1 200 OK"
INFO    kanal.ingest.land            liputan6:showbiz: landed 7 new (43 dup) → liputan6-showbiz-051806.jsonl
INFO    httpx                        HTTP Request: GET https://feed.liputan6.com/rss/global "HTTP/1.1 200 OK"
INFO    kanal.ingest.land            liputan6:global: landed 6 new (44 dup) → liputan6-global-051807.jsonl
INFO    httpx                        HTTP Request: GET https://feed.liputan6.com/rss/health "HTTP/1.1 200 OK"
INFO    kanal.ingest.land            liputan6:health: landed 3 new (47 dup) → liputan6-health-051808.jsonl
INFO    httpx                        HTTP Request: GET https://feed.liputan6.com/rss/lifestyle "HTTP/1.1 200 OK"
INFO    kanal.ingest.land            liputan6:lifestyle: landed 11 new (39 dup) → liputan6-lifestyle-051810.jsonl
INFO    httpx                        HTTP Request: GET https://republika.co.id/rss/nasional "HTTP/1.1 200 OK"
INFO    httpx                        HTTP Request: GET https://republika.co.id/rss/ekonomi "HTTP/1.1 200 OK"
INFO    kanal.ingest.land            republika:ekonomi: landed 14 new (1 dup) → republika-ekonomi-051813.jsonl
INFO    httpx                        HTTP Request: GET https://republika.co.id/rss/internasional "HTTP/1.1 200 OK"
INFO    kanal.ingest.land            republika:internasional: landed 4 new (11 dup) → republika-internasional-051814.jsonl
cycle 2026-08-28 05:17:41 UTC (33.0s)
  landed 134 new, 461 already seen
  feeds: failed=7, ok=20
  per source:
      antara     10/10 feeds ok, 37 landed
    ~ cnn        0/7 feeds ok, 0 landed  (declared unreachable here)
      liputan6   7/7 feeds ok, 79 landed
      republika  3/3 feeds ok, 18 landed
  failures:
    failed: HTTP 403
      affected: cnn:nasional, cnn:ekonomi, cnn:olahraga, cnn:teknologi (+3 more)
