polling 27 feed(s)…
INFO    httpx                        HTTP Request: GET https://www.antaranews.com/rss/politik.xml "HTTP/1.1 200 OK"
INFO    httpx                        HTTP Request: GET https://www.antaranews.com/rss/hukum.xml "HTTP/1.1 200 OK"
INFO    httpx                        HTTP Request: GET https://www.antaranews.com/rss/ekonomi.xml "HTTP/1.1 200 OK"
INFO    kanal.ingest.land            antara:ekonomi: landed 2 new (18 dup) → antara-ekonomi-043959.jsonl
INFO    httpx                        HTTP Request: GET https://www.antaranews.com/rss/metro.xml "HTTP/1.1 200 OK"
INFO    kanal.ingest.land            antara:metro: landed 1 new (19 dup) → antara-metro-044000.jsonl
INFO    httpx                        HTTP Request: GET https://www.antaranews.com/rss/sepakbola.xml "HTTP/1.1 200 OK"
INFO    httpx                        HTTP Request: GET https://www.antaranews.com/rss/tekno.xml "HTTP/1.1 200 OK"
INFO    httpx                        HTTP Request: GET https://www.antaranews.com/rss/hiburan.xml "HTTP/1.1 200 OK"
INFO    httpx                        HTTP Request: GET https://www.antaranews.com/rss/dunia.xml "HTTP/1.1 200 OK"
INFO    httpx                        HTTP Request: GET https://www.antaranews.com/rss/humaniora.xml "HTTP/1.1 200 OK"
INFO    httpx                        HTTP Request: GET https://www.antaranews.com/rss/lifestyle.xml "HTTP/1.1 200 OK"
INFO    kanal.ingest.land            antara:lifestyle: landed 7 new (13 dup) → antara-lifestyle-044007.jsonl
INFO    httpx                        HTTP Request: GET https://www.cnnindonesia.com/nasional/rss "HTTP/1.1 403 Forbidden"
WARNING kanal.ingest.fetch           breaker tripped for cnn:nasional after 186 failures; cooling down 3600s
INFO    httpx                        HTTP Request: GET https://www.cnnindonesia.com/ekonomi/rss "HTTP/1.1 403 Forbidden"
WARNING kanal.ingest.fetch           breaker tripped for cnn:ekonomi after 186 failures; cooling down 3600s
INFO    httpx                        HTTP Request: GET https://www.cnnindonesia.com/olahraga/rss "HTTP/1.1 403 Forbidden"
WARNING kanal.ingest.fetch           breaker tripped for cnn:olahraga after 186 failures; cooling down 3600s
INFO    httpx                        HTTP Request: GET https://www.cnnindonesia.com/teknologi/rss "HTTP/1.1 403 Forbidden"
WARNING kanal.ingest.fetch           breaker tripped for cnn:teknologi after 186 failures; cooling down 3600s
INFO    httpx                        HTTP Request: GET https://www.cnnindonesia.com/hiburan/rss "HTTP/1.1 403 Forbidden"
WARNING kanal.ingest.fetch           breaker tripped for cnn:hiburan after 186 failures; cooling down 3600s
INFO    httpx                        HTTP Request: GET https://www.cnnindonesia.com/internasional/rss "HTTP/1.1 403 Forbidden"
WARNING kanal.ingest.fetch           breaker tripped for cnn:internasional after 186 failures; cooling down 3600s
INFO    httpx                        HTTP Request: GET https://www.cnnindonesia.com/gaya-hidup/rss "HTTP/1.1 403 Forbidden"
WARNING kanal.ingest.fetch           breaker tripped for cnn:gaya-hidup after 186 failures; cooling down 3600s
INFO    httpx                        HTTP Request: GET https://feed.liputan6.com/rss/bisnis "HTTP/1.1 200 OK"
INFO    kanal.ingest.land            liputan6:bisnis: landed 1 new (49 dup) → liputan6-bisnis-044016.jsonl
INFO    httpx                        HTTP Request: GET https://feed.liputan6.com/rss/bola "HTTP/1.1 200 OK"
INFO    kanal.ingest.land            liputan6:bola: landed 2 new (48 dup) → liputan6-bola-044018.jsonl
INFO    httpx                        HTTP Request: GET https://feed.liputan6.com/rss/tekno "HTTP/1.1 200 OK"
INFO    httpx                        HTTP Request: GET https://feed.liputan6.com/rss/showbiz "HTTP/1.1 200 OK"
INFO    kanal.ingest.land            liputan6:showbiz: landed 4 new (46 dup) → liputan6-showbiz-044020.jsonl
INFO    httpx                        HTTP Request: GET https://feed.liputan6.com/rss/global "HTTP/1.1 200 OK"
INFO    kanal.ingest.land            liputan6:global: landed 1 new (49 dup) → liputan6-global-044022.jsonl
INFO    httpx                        HTTP Request: GET https://feed.liputan6.com/rss/health "HTTP/1.1 200 OK"
INFO    httpx                        HTTP Request: GET https://feed.liputan6.com/rss/lifestyle "HTTP/1.1 200 OK"
INFO    kanal.ingest.land            liputan6:lifestyle: landed 2 new (48 dup) → liputan6-lifestyle-044024.jsonl
INFO    httpx                        HTTP Request: GET https://republika.co.id/rss/nasional "HTTP/1.1 200 OK"
INFO    httpx                        HTTP Request: GET https://republika.co.id/rss/ekonomi "HTTP/1.1 200 OK"
INFO    kanal.ingest.land            republika:ekonomi: landed 1 new (14 dup) → republika-ekonomi-044027.jsonl
INFO    httpx                        HTTP Request: GET https://republika.co.id/rss/internasional "HTTP/1.1 200 OK"
cycle 2026-08-15 04:39:55 UTC (33.3s)
  landed 21 new, 574 already seen
  feeds: failed=7, ok=20
  per source:
      antara     10/10 feeds ok, 10 landed
    ~ cnn        0/7 feeds ok, 0 landed  (declared unreachable here)
      liputan6   7/7 feeds ok, 10 landed
      republika  3/3 feeds ok, 1 landed
  failures:
    failed: HTTP 403
      affected: cnn:nasional, cnn:ekonomi, cnn:olahraga, cnn:teknologi (+3 more)
